AR procesador arqprocesador "C:/P1P3 ZaBuZa/UTP 1er SEMESTRE 2015/ARQ DE COMPUTADORES/Xilinx/ProcesadorMonociclo/PROCESADOR.vhd" sub00/vhpl17 1461873041
EN seu NULL "C:/P1P3 ZaBuZa/UTP 1er SEMESTRE 2015/ARQ DE COMPUTADORES/Xilinx/ProcesadorMonociclo/SEU.vhd" sub00/vhpl10 1461873036
AR rf arqprocesador "C:/P1P3 ZaBuZa/UTP 1er SEMESTRE 2015/ARQ DE COMPUTADORES/Xilinx/ProcesadorMonociclo/RF.vhd" sub00/vhpl09 1461873033
EN multiplexor NULL "C:/P1P3 ZaBuZa/UTP 1er SEMESTRE 2015/ARQ DE COMPUTADORES/Xilinx/ProcesadorMonociclo/MULTIPLEXOR.vhd" sub00/vhpl06 1461873034
EN pc NULL "C:/P1P3 ZaBuZa/UTP 1er SEMESTRE 2015/ARQ DE COMPUTADORES/Xilinx/ProcesadorMonociclo/PC.vhd" sub00/vhpl00 1461873026
AR pc arqprocesador "C:/P1P3 ZaBuZa/UTP 1er SEMESTRE 2015/ARQ DE COMPUTADORES/Xilinx/ProcesadorMonociclo/PC.vhd" sub00/vhpl01 1461873027
EN procesador NULL "C:/P1P3 ZaBuZa/UTP 1er SEMESTRE 2015/ARQ DE COMPUTADORES/Xilinx/ProcesadorMonociclo/PROCESADOR.vhd" sub00/vhpl16 1461873040
EN rf NULL "C:/P1P3 ZaBuZa/UTP 1er SEMESTRE 2015/ARQ DE COMPUTADORES/Xilinx/ProcesadorMonociclo/RF.vhd" sub00/vhpl08 1461873032
AR alu arqprocesador "C:/P1P3 ZaBuZa/UTP 1er SEMESTRE 2015/ARQ DE COMPUTADORES/Xilinx/ProcesadorMonociclo/ALU.vhd" sub00/vhpl03 1461873039
AR memoriainstruccion arqprocesador "C:/P1P3 ZaBuZa/UTP 1er SEMESTRE 2015/ARQ DE COMPUTADORES/Xilinx/ProcesadorMonociclo/MEMORIAINSTRUCCION.vhd" sub00/vhpl05 1461873029
EN memoriainstruccion NULL "C:/P1P3 ZaBuZa/UTP 1er SEMESTRE 2015/ARQ DE COMPUTADORES/Xilinx/ProcesadorMonociclo/MEMORIAINSTRUCCION.vhd" sub00/vhpl04 1461873028
EN uc NULL "C:/P1P3 ZaBuZa/UTP 1er SEMESTRE 2015/ARQ DE COMPUTADORES/Xilinx/ProcesadorMonociclo/UC.vhd" sub00/vhpl14 1461873030
AR multiplexor arqprocesador "C:/P1P3 ZaBuZa/UTP 1er SEMESTRE 2015/ARQ DE COMPUTADORES/Xilinx/ProcesadorMonociclo/MULTIPLEXOR.vhd" sub00/vhpl07 1461873035
AR uc arqprocesador "C:/P1P3 ZaBuZa/UTP 1er SEMESTRE 2015/ARQ DE COMPUTADORES/Xilinx/ProcesadorMonociclo/UC.vhd" sub00/vhpl15 1461873031
AR sumador arqprocesador "C:/P1P3 ZaBuZa/UTP 1er SEMESTRE 2015/ARQ DE COMPUTADORES/Xilinx/ProcesadorMonociclo/SUMADOR.vhd" sub00/vhpl13 1461873025
EN sumador NULL "C:/P1P3 ZaBuZa/UTP 1er SEMESTRE 2015/ARQ DE COMPUTADORES/Xilinx/ProcesadorMonociclo/SUMADOR.vhd" sub00/vhpl12 1461873024
AR seu arqprocesador "C:/P1P3 ZaBuZa/UTP 1er SEMESTRE 2015/ARQ DE COMPUTADORES/Xilinx/ProcesadorMonociclo/SEU.vhd" sub00/vhpl11 1461873037
EN alu NULL "C:/P1P3 ZaBuZa/UTP 1er SEMESTRE 2015/ARQ DE COMPUTADORES/Xilinx/ProcesadorMonociclo/ALU.vhd" sub00/vhpl02 1461873038
