AR procesador arqprocesador "C:/P1P3 ZaBuZa/UTP 1er SEMESTRE 2015/ARQ DE COMPUTADORES/Xilinx/ProcesadorMonociclo/PROCESADOR.vhd" sub00/vhpl17 1461877750
EN seu NULL "C:/P1P3 ZaBuZa/UTP 1er SEMESTRE 2015/ARQ DE COMPUTADORES/Xilinx/ProcesadorMonociclo/SEU.vhd" sub00/vhpl10 1461877745
AR rf arqprocesador "C:/P1P3 ZaBuZa/UTP 1er SEMESTRE 2015/ARQ DE COMPUTADORES/Xilinx/ProcesadorMonociclo/RF.vhd" sub00/vhpl09 1461877742
EN multiplexor NULL "C:/P1P3 ZaBuZa/UTP 1er SEMESTRE 2015/ARQ DE COMPUTADORES/Xilinx/ProcesadorMonociclo/MULTIPLEXOR.vhd" sub00/vhpl06 1461877743
EN pc NULL "C:/P1P3 ZaBuZa/UTP 1er SEMESTRE 2015/ARQ DE COMPUTADORES/Xilinx/ProcesadorMonociclo/PC.vhd" sub00/vhpl00 1461877735
AR pc arqprocesador "C:/P1P3 ZaBuZa/UTP 1er SEMESTRE 2015/ARQ DE COMPUTADORES/Xilinx/ProcesadorMonociclo/PC.vhd" sub00/vhpl01 1461877736
EN procesador NULL "C:/P1P3 ZaBuZa/UTP 1er SEMESTRE 2015/ARQ DE COMPUTADORES/Xilinx/ProcesadorMonociclo/PROCESADOR.vhd" sub00/vhpl16 1461877749
EN rf NULL "C:/P1P3 ZaBuZa/UTP 1er SEMESTRE 2015/ARQ DE COMPUTADORES/Xilinx/ProcesadorMonociclo/RF.vhd" sub00/vhpl08 1461877741
AR alu arqprocesador "C:/P1P3 ZaBuZa/UTP 1er SEMESTRE 2015/ARQ DE COMPUTADORES/Xilinx/ProcesadorMonociclo/ALU.vhd" sub00/vhpl03 1461877748
AR memoriainstruccion arqprocesador "C:/P1P3 ZaBuZa/UTP 1er SEMESTRE 2015/ARQ DE COMPUTADORES/Xilinx/ProcesadorMonociclo/MEMORIAINSTRUCCION.vhd" sub00/vhpl05 1461877738
EN memoriainstruccion NULL "C:/P1P3 ZaBuZa/UTP 1er SEMESTRE 2015/ARQ DE COMPUTADORES/Xilinx/ProcesadorMonociclo/MEMORIAINSTRUCCION.vhd" sub00/vhpl04 1461877737
EN uc NULL "C:/P1P3 ZaBuZa/UTP 1er SEMESTRE 2015/ARQ DE COMPUTADORES/Xilinx/ProcesadorMonociclo/UC.vhd" sub00/vhpl14 1461887410
AR multiplexor arqprocesador "C:/P1P3 ZaBuZa/UTP 1er SEMESTRE 2015/ARQ DE COMPUTADORES/Xilinx/ProcesadorMonociclo/MULTIPLEXOR.vhd" sub00/vhpl07 1461877744
AR uc arqprocesador "C:/P1P3 ZaBuZa/UTP 1er SEMESTRE 2015/ARQ DE COMPUTADORES/Xilinx/ProcesadorMonociclo/UC.vhd" sub00/vhpl15 1461887411
AR sumador arqprocesador "C:/P1P3 ZaBuZa/UTP 1er SEMESTRE 2015/ARQ DE COMPUTADORES/Xilinx/ProcesadorMonociclo/SUMADOR.vhd" sub00/vhpl13 1461877734
EN sumador NULL "C:/P1P3 ZaBuZa/UTP 1er SEMESTRE 2015/ARQ DE COMPUTADORES/Xilinx/ProcesadorMonociclo/SUMADOR.vhd" sub00/vhpl12 1461877733
AR seu arqprocesador "C:/P1P3 ZaBuZa/UTP 1er SEMESTRE 2015/ARQ DE COMPUTADORES/Xilinx/ProcesadorMonociclo/SEU.vhd" sub00/vhpl11 1461877746
EN alu NULL "C:/P1P3 ZaBuZa/UTP 1er SEMESTRE 2015/ARQ DE COMPUTADORES/Xilinx/ProcesadorMonociclo/ALU.vhd" sub00/vhpl02 1461877747
